
Merging program properties

Removed property 0xc0000002 to merge /usr/bin/../lib64/gcc/x86_64-pc-linux-gnu/9.1.0/../../../../lib64/crti.o (0x3) and /tmp/dwarves-1dcbd1.o (not found)

Discarded input sections

 .text          0x0000000000000000        0x0 /usr/bin/../lib64/gcc/x86_64-pc-linux-gnu/9.1.0/../../../../lib64/crti.o
 .data          0x0000000000000000        0x0 /usr/bin/../lib64/gcc/x86_64-pc-linux-gnu/9.1.0/../../../../lib64/crti.o
 .bss           0x0000000000000000        0x0 /usr/bin/../lib64/gcc/x86_64-pc-linux-gnu/9.1.0/../../../../lib64/crti.o
 .note.GNU-stack
                0x0000000000000000        0x0 /usr/bin/../lib64/gcc/x86_64-pc-linux-gnu/9.1.0/../../../../lib64/crti.o
 .data          0x0000000000000000        0x0 /usr/bin/../lib64/gcc/x86_64-pc-linux-gnu/9.1.0/crtbeginS.o
 .note.GNU-stack
                0x0000000000000000        0x0 /usr/bin/../lib64/gcc/x86_64-pc-linux-gnu/9.1.0/crtbeginS.o
 .note.gnu.property
                0x0000000000000000       0x20 /usr/bin/../lib64/gcc/x86_64-pc-linux-gnu/9.1.0/crtbeginS.o
 .note.GNU-stack
                0x0000000000000000        0x0 /tmp/dwarves-1dcbd1.o
 .llvm_addrsig  0x0000000000000000        0x6 /tmp/dwarves-1dcbd1.o
 .text          0x0000000000000000        0x0 /usr/bin/../lib64/gcc/x86_64-pc-linux-gnu/9.1.0/crtendS.o
 .data          0x0000000000000000        0x0 /usr/bin/../lib64/gcc/x86_64-pc-linux-gnu/9.1.0/crtendS.o
 .bss           0x0000000000000000        0x0 /usr/bin/../lib64/gcc/x86_64-pc-linux-gnu/9.1.0/crtendS.o
 .note.GNU-stack
                0x0000000000000000        0x0 /usr/bin/../lib64/gcc/x86_64-pc-linux-gnu/9.1.0/crtendS.o
 .note.gnu.property
                0x0000000000000000       0x20 /usr/bin/../lib64/gcc/x86_64-pc-linux-gnu/9.1.0/crtendS.o
 .text          0x0000000000000000        0x0 /usr/bin/../lib64/gcc/x86_64-pc-linux-gnu/9.1.0/../../../../lib64/crtn.o
 .data          0x0000000000000000        0x0 /usr/bin/../lib64/gcc/x86_64-pc-linux-gnu/9.1.0/../../../../lib64/crtn.o
 .bss           0x0000000000000000        0x0 /usr/bin/../lib64/gcc/x86_64-pc-linux-gnu/9.1.0/../../../../lib64/crtn.o
 .note.gnu.property
                0x0000000000000000       0x20 /usr/bin/../lib64/gcc/x86_64-pc-linux-gnu/9.1.0/../../../../lib64/crtn.o
 .note.GNU-stack
                0x0000000000000000        0x0 /usr/bin/../lib64/gcc/x86_64-pc-linux-gnu/9.1.0/../../../../lib64/crtn.o

Memory Configuration

Name             Origin             Length             Attributes
*default*        0x0000000000000000 0xffffffffffffffff

Linker script and memory map

LOAD /usr/bin/../lib64/gcc/x86_64-pc-linux-gnu/9.1.0/../../../../lib64/crti.o
LOAD /usr/bin/../lib64/gcc/x86_64-pc-linux-gnu/9.1.0/crtbeginS.o
LOAD /tmp/dwarves-1dcbd1.o
LOAD /usr/bin/../lib64/gcc/x86_64-pc-linux-gnu/9.1.0/../../../../lib64/libstdc++.so
LOAD /usr/bin/../lib64/gcc/x86_64-pc-linux-gnu/9.1.0/../../../../lib64/libm.so
START GROUP
LOAD /usr/lib/libm.so.6
LOAD /usr/lib/libmvec_nonshared.a
LOAD /usr/lib/libmvec.so.1
END GROUP
LOAD /usr/bin/../lib64/gcc/x86_64-pc-linux-gnu/9.1.0/../../../../lib64/libgcc_s.so
START GROUP
LOAD /usr/bin/../lib64/gcc/x86_64-pc-linux-gnu/9.1.0/../../../../lib64/libgcc_s.so.1
LOAD /usr/bin/../lib64/gcc/x86_64-pc-linux-gnu/9.1.0/libgcc.a
END GROUP
LOAD /usr/bin/../lib64/gcc/x86_64-pc-linux-gnu/9.1.0/libgcc.a
LOAD /usr/bin/../lib64/gcc/x86_64-pc-linux-gnu/9.1.0/../../../../lib64/libc.so
START GROUP
LOAD /usr/lib/libc.so.6
LOAD /usr/lib/libc_nonshared.a
LOAD /usr/lib/ld-linux-x86-64.so.2
END GROUP
LOAD /usr/bin/../lib64/gcc/x86_64-pc-linux-gnu/9.1.0/../../../../lib64/libgcc_s.so
START GROUP
LOAD /usr/bin/../lib64/gcc/x86_64-pc-linux-gnu/9.1.0/../../../../lib64/libgcc_s.so.1
LOAD /usr/bin/../lib64/gcc/x86_64-pc-linux-gnu/9.1.0/libgcc.a
END GROUP
LOAD /usr/bin/../lib64/gcc/x86_64-pc-linux-gnu/9.1.0/libgcc.a
LOAD /usr/bin/../lib64/gcc/x86_64-pc-linux-gnu/9.1.0/crtendS.o
LOAD /usr/bin/../lib64/gcc/x86_64-pc-linux-gnu/9.1.0/../../../../lib64/crtn.o
                0x0000000000000270                . = (SEGMENT_START ("text-segment", 0x0) + SIZEOF_HEADERS)

.note.gnu.build-id
 *(.note.gnu.build-id)

.hash           0x0000000000000270       0x40
 *(.hash)
 .hash          0x0000000000000270       0x40 /usr/bin/../lib64/gcc/x86_64-pc-linux-gnu/9.1.0/../../../../lib64/crti.o

.gnu.hash       0x00000000000002b0       0x34
 *(.gnu.hash)
 .gnu.hash      0x00000000000002b0       0x34 /usr/bin/../lib64/gcc/x86_64-pc-linux-gnu/9.1.0/../../../../lib64/crti.o

.dynsym         0x00000000000002e8      0x108
 *(.dynsym)
 .dynsym        0x00000000000002e8      0x108 /usr/bin/../lib64/gcc/x86_64-pc-linux-gnu/9.1.0/../../../../lib64/crti.o

.dynstr         0x00000000000003f0      0x18f
 *(.dynstr)
 .dynstr        0x00000000000003f0      0x18f /usr/bin/../lib64/gcc/x86_64-pc-linux-gnu/9.1.0/../../../../lib64/crti.o

.gnu.version    0x0000000000000580       0x16
 *(.gnu.version)
 .gnu.version   0x0000000000000580       0x16 /usr/bin/../lib64/gcc/x86_64-pc-linux-gnu/9.1.0/../../../../lib64/crti.o

.gnu.version_d  0x0000000000000598        0x0
 *(.gnu.version_d)
 .gnu.version_d
                0x0000000000000598        0x0 /usr/bin/../lib64/gcc/x86_64-pc-linux-gnu/9.1.0/../../../../lib64/crti.o

.gnu.version_r  0x0000000000000598       0x40
 *(.gnu.version_r)
 .gnu.version_r
                0x0000000000000598       0x40 /usr/bin/../lib64/gcc/x86_64-pc-linux-gnu/9.1.0/../../../../lib64/crti.o

.rela.dyn       0x00000000000005d8       0xa8
 *(.rela.init)
 *(.rela.text .rela.text.* .rela.gnu.linkonce.t.*)
 .rela.text     0x00000000000005d8        0x0 /usr/bin/../lib64/gcc/x86_64-pc-linux-gnu/9.1.0/../../../../lib64/crti.o
 *(.rela.fini)
 *(.rela.rodata .rela.rodata.* .rela.gnu.linkonce.r.*)
 *(.rela.data .rela.data.* .rela.gnu.linkonce.d.*)
 .rela.data.rel.local
                0x00000000000005d8       0x18 /usr/bin/../lib64/gcc/x86_64-pc-linux-gnu/9.1.0/../../../../lib64/crti.o
 *(.rela.tdata .rela.tdata.* .rela.gnu.linkonce.td.*)
 *(.rela.tbss .rela.tbss.* .rela.gnu.linkonce.tb.*)
 *(.rela.ctors)
 *(.rela.dtors)
 *(.rela.got)
 .rela.got      0x00000000000005f0       0x60 /usr/bin/../lib64/gcc/x86_64-pc-linux-gnu/9.1.0/../../../../lib64/crti.o
 *(.rela.bss .rela.bss.* .rela.gnu.linkonce.b.*)
 *(.rela.ldata .rela.ldata.* .rela.gnu.linkonce.l.*)
 *(.rela.lbss .rela.lbss.* .rela.gnu.linkonce.lb.*)
 *(.rela.lrodata .rela.lrodata.* .rela.gnu.linkonce.lr.*)
 *(.rela.ifunc)
 .rela.ifunc    0x0000000000000650        0x0 /usr/bin/../lib64/gcc/x86_64-pc-linux-gnu/9.1.0/../../../../lib64/crti.o
 .rela.fini_array
                0x0000000000000650       0x18 /usr/bin/../lib64/gcc/x86_64-pc-linux-gnu/9.1.0/../../../../lib64/crti.o
 .rela.init_array
                0x0000000000000668       0x18 /usr/bin/../lib64/gcc/x86_64-pc-linux-gnu/9.1.0/../../../../lib64/crti.o

.rela.plt       0x0000000000000680       0x30
 *(.rela.plt)
 .rela.plt      0x0000000000000680       0x30 /usr/bin/../lib64/gcc/x86_64-pc-linux-gnu/9.1.0/../../../../lib64/crti.o
 *(.rela.iplt)
                0x0000000000001000                . = ALIGN (CONSTANT (MAXPAGESIZE))

.init           0x0000000000001000       0x1b
 *(SORT_NONE(.init))
 .init          0x0000000000001000       0x16 /usr/bin/../lib64/gcc/x86_64-pc-linux-gnu/9.1.0/../../../../lib64/crti.o
                0x0000000000001000                _init
 .init          0x0000000000001016        0x5 /usr/bin/../lib64/gcc/x86_64-pc-linux-gnu/9.1.0/../../../../lib64/crtn.o

.plt            0x0000000000001020       0x30
 *(.plt)
 .plt           0x0000000000001020       0x30 /usr/bin/../lib64/gcc/x86_64-pc-linux-gnu/9.1.0/../../../../lib64/crti.o
 *(.iplt)

.plt.got        0x0000000000001050        0x0
 *(.plt.got)
 .plt.got       0x0000000000001050        0x0 /usr/bin/../lib64/gcc/x86_64-pc-linux-gnu/9.1.0/../../../../lib64/crti.o

.plt.sec        0x0000000000001050       0x20
 *(.plt.sec)
 .plt.sec       0x0000000000001050       0x20 /usr/bin/../lib64/gcc/x86_64-pc-linux-gnu/9.1.0/../../../../lib64/crti.o

.text           0x0000000000001070      0x56a
 *(.text.unlikely .text.*_unlikely .text.unlikely.*)
 *(.text.exit .text.exit.*)
 *(.text.startup .text.startup.*)
 *(.text.hot .text.hot.*)
 *(.text .stub .text.* .gnu.linkonce.t.*)
 .text          0x0000000000001070       0xc9 /usr/bin/../lib64/gcc/x86_64-pc-linux-gnu/9.1.0/crtbeginS.o
 *fill*         0x0000000000001139        0x7 
 .text          0x0000000000001140      0x49a /tmp/dwarves-1dcbd1.o
                0x0000000000001140                GameUpdateAndRenderStub(game_memory*, game_input*, game_offscreen_buffer*)
                0x0000000000001160                GameGetSoundSamplesStub(game_memory*, game_sound_output_buffer*)
                0x0000000000001170                GameUpdateAndRender
                0x0000000000001480                GameGetSoundSamples(game_memory*, game_sound_output_buffer*)
 *(.gnu.warning)

.fini           0x00000000000015dc        0xd
 *(SORT_NONE(.fini))
 .fini          0x00000000000015dc        0x8 /usr/bin/../lib64/gcc/x86_64-pc-linux-gnu/9.1.0/../../../../lib64/crti.o
                0x00000000000015dc                _fini
 .fini          0x00000000000015e4        0x5 /usr/bin/../lib64/gcc/x86_64-pc-linux-gnu/9.1.0/../../../../lib64/crtn.o
                [!provide]                        PROVIDE (__etext = .)
                [!provide]                        PROVIDE (_etext = .)
                [!provide]                        PROVIDE (etext = .)
                0x0000000000002000                . = ALIGN (CONSTANT (MAXPAGESIZE))
                0x0000000000002000                . = SEGMENT_START ("rodata-segment", (ALIGN (CONSTANT (MAXPAGESIZE)) + (. & (CONSTANT (MAXPAGESIZE) - 0x1))))

.rodata         0x0000000000002000       0x10
 *(.rodata .rodata.* .gnu.linkonce.r.*)
 .rodata.cst4   0x0000000000002000        0xc /tmp/dwarves-1dcbd1.o
 .rodata.str1.1
                0x000000000000200c        0x4 /tmp/dwarves-1dcbd1.o

.rodata1
 *(.rodata1)

.eh_frame_hdr   0x0000000000002010       0x54
 *(.eh_frame_hdr)
 .eh_frame_hdr  0x0000000000002010       0x54 /tmp/dwarves-1dcbd1.o
                0x0000000000002010                __GNU_EH_FRAME_HDR
 *(.eh_frame_entry .eh_frame_entry.*)

.eh_frame       0x0000000000002068      0x13c
 *(.eh_frame)
 .eh_frame      0x0000000000002068       0x40 /usr/bin/../lib64/gcc/x86_64-pc-linux-gnu/9.1.0/../../../../lib64/crti.o
 .eh_frame      0x00000000000020a8        0x0 /usr/bin/../lib64/gcc/x86_64-pc-linux-gnu/9.1.0/../../../../lib64/crti.o
 .eh_frame      0x00000000000020a8       0x18 /usr/bin/../lib64/gcc/x86_64-pc-linux-gnu/9.1.0/../../../../lib64/crti.o
                                         0x30 (size before relaxing)
 .eh_frame      0x00000000000020c0       0xe0 /tmp/dwarves-1dcbd1.o
                                         0xf8 (size before relaxing)
 .eh_frame      0x00000000000021a0        0x4 /usr/bin/../lib64/gcc/x86_64-pc-linux-gnu/9.1.0/crtendS.o
 *(.eh_frame.*)

.note.gnu.property
                0x00000000000021a8       0x10
 .note.gnu.property
                0x00000000000021a8       0x10 /usr/bin/../lib64/gcc/x86_64-pc-linux-gnu/9.1.0/../../../../lib64/crti.o

.gcc_except_table
 *(.gcc_except_table .gcc_except_table.*)

.gnu_extab
 *(.gnu_extab*)

.exception_ranges
 *(.exception_ranges*)
                0x0000000000003dc0                . = DATA_SEGMENT_ALIGN (CONSTANT (MAXPAGESIZE), CONSTANT (COMMONPAGESIZE))

.eh_frame
 *(.eh_frame)
 *(.eh_frame.*)

.gnu_extab
 *(.gnu_extab)

.gcc_except_table
 *(.gcc_except_table .gcc_except_table.*)

.exception_ranges
 *(.exception_ranges*)

.tdata
 *(.tdata .tdata.* .gnu.linkonce.td.*)

.tbss
 *(.tbss .tbss.* .gnu.linkonce.tb.*)
 *(.tcommon)

.preinit_array
 *(.preinit_array)

.init_array     0x0000000000003dc0        0x8
 *(SORT_BY_INIT_PRIORITY(.init_array.*) SORT_BY_INIT_PRIORITY(.ctors.*))
 *(.init_array EXCLUDE_FILE(*crtend?.o *crtend.o *crtbegin?.o *crtbegin.o) .ctors)
 .init_array    0x0000000000003dc0        0x8 /usr/bin/../lib64/gcc/x86_64-pc-linux-gnu/9.1.0/crtbeginS.o

.fini_array     0x0000000000003dc8        0x8
 *(SORT_BY_INIT_PRIORITY(.fini_array.*) SORT_BY_INIT_PRIORITY(.dtors.*))
 *(.fini_array EXCLUDE_FILE(*crtend?.o *crtend.o *crtbegin?.o *crtbegin.o) .dtors)
 .fini_array    0x0000000000003dc8        0x8 /usr/bin/../lib64/gcc/x86_64-pc-linux-gnu/9.1.0/crtbeginS.o

.ctors
 *crtbegin.o(.ctors)
 *crtbegin?.o(.ctors)
 *(EXCLUDE_FILE(*crtend?.o *crtend.o) .ctors)
 *(SORT_BY_NAME(.ctors.*))
 *(.ctors)

.dtors
 *crtbegin.o(.dtors)
 *crtbegin?.o(.dtors)
 *(EXCLUDE_FILE(*crtend?.o *crtend.o) .dtors)
 *(SORT_BY_NAME(.dtors.*))
 *(.dtors)

.jcr
 *(.jcr)

.data.rel.ro    0x0000000000003dd0        0x0
 *(.data.rel.ro.local* .gnu.linkonce.d.rel.ro.local.*)
 *(.data.rel.ro .data.rel.ro.* .gnu.linkonce.d.rel.ro.*)
 .data.rel.ro   0x0000000000003dd0        0x0 /usr/bin/../lib64/gcc/x86_64-pc-linux-gnu/9.1.0/../../../../lib64/crti.o

.dynamic        0x0000000000003dd0      0x210
 *(.dynamic)
 .dynamic       0x0000000000003dd0      0x210 /usr/bin/../lib64/gcc/x86_64-pc-linux-gnu/9.1.0/../../../../lib64/crti.o
                0x0000000000003dd0                _DYNAMIC

.got            0x0000000000003fe0       0x20
 *(.got)
 .got           0x0000000000003fe0       0x20 /usr/bin/../lib64/gcc/x86_64-pc-linux-gnu/9.1.0/../../../../lib64/crti.o
 *(.igot)
                0x0000000000004fe8                . = DATA_SEGMENT_RELRO_END (., (SIZEOF (.got.plt) >= 0x18)?0x18:0x0)

.got.plt        0x0000000000004000       0x28
 *(.got.plt)
 .got.plt       0x0000000000004000       0x28 /usr/bin/../lib64/gcc/x86_64-pc-linux-gnu/9.1.0/../../../../lib64/crti.o
                0x0000000000004000                _GLOBAL_OFFSET_TABLE_
 *(.igot.plt)

.data           0x0000000000004028        0x8
 *(.data .data.* .gnu.linkonce.d.*)
 .data.rel.local
                0x0000000000004028        0x8 /usr/bin/../lib64/gcc/x86_64-pc-linux-gnu/9.1.0/crtbeginS.o
                0x0000000000004028                __dso_handle

.tm_clone_table
                0x0000000000004030        0x0
 .tm_clone_table
                0x0000000000004030        0x0 /usr/bin/../lib64/gcc/x86_64-pc-linux-gnu/9.1.0/crtbeginS.o
 .tm_clone_table
                0x0000000000004030        0x0 /usr/bin/../lib64/gcc/x86_64-pc-linux-gnu/9.1.0/crtendS.o

.data1
 *(.data1)
                [!provide]                        PROVIDE (_edata = .)
                [!provide]                        PROVIDE (edata = .)
                0x0000000000004030                . = .
                [!provide]                        PROVIDE (__bss_start = .)

.bss            0x0000000000004030        0x8
 *(.dynbss)
 .dynbss        0x0000000000004030        0x0 /usr/bin/../lib64/gcc/x86_64-pc-linux-gnu/9.1.0/../../../../lib64/crti.o
 *(.bss .bss.* .gnu.linkonce.b.*)
 .bss           0x0000000000004030        0x1 /usr/bin/../lib64/gcc/x86_64-pc-linux-gnu/9.1.0/crtbeginS.o
 *fill*         0x0000000000004031        0x3 
 .bss           0x0000000000004034        0x4 /tmp/dwarves-1dcbd1.o
 *(COMMON)
                0x0000000000004038                . = ALIGN ((. != 0x0)?0x8:0x1)

.lbss
 *(.dynlbss)
 *(.lbss .lbss.* .gnu.linkonce.lb.*)
 *(LARGE_COMMON)
                0x0000000000004038                . = ALIGN (0x8)
                0x0000000000004038                . = SEGMENT_START ("ldata-segment", .)

.lrodata
 *(.lrodata .lrodata.* .gnu.linkonce.lr.*)

.ldata          0x0000000000006038        0x0
 *(.ldata .ldata.* .gnu.linkonce.l.*)
                0x0000000000006038                . = ALIGN ((. != 0x0)?0x8:0x1)
                0x0000000000006038                . = ALIGN (0x8)
                [!provide]                        PROVIDE (_end = .)
                [!provide]                        PROVIDE (end = .)
                0x0000000000006038                . = DATA_SEGMENT_END (.)

.stab
 *(.stab)

.stabstr
 *(.stabstr)

.stab.excl
 *(.stab.excl)

.stab.exclstr
 *(.stab.exclstr)

.stab.index
 *(.stab.index)

.stab.indexstr
 *(.stab.indexstr)

.comment        0x0000000000000000       0x3e
 *(.comment)
 .comment       0x0000000000000000       0x11 /usr/bin/../lib64/gcc/x86_64-pc-linux-gnu/9.1.0/crtbeginS.o
                                         0x12 (size before relaxing)
 .comment       0x0000000000000011       0x2d /tmp/dwarves-1dcbd1.o
                                         0x2e (size before relaxing)
 .comment       0x000000000000003e       0x12 /usr/bin/../lib64/gcc/x86_64-pc-linux-gnu/9.1.0/crtendS.o

.gnu.build.attributes
 *(.gnu.build.attributes .gnu.build.attributes.*)

.debug
 *(.debug)

.line
 *(.line)

.debug_srcinfo
 *(.debug_srcinfo)

.debug_sfnames
 *(.debug_sfnames)

.debug_aranges
 *(.debug_aranges)

.debug_pubnames
 *(.debug_pubnames)

.debug_info     0x0000000000000000     0x1e06
 *(.debug_info .gnu.linkonce.wi.*)
 .debug_info    0x0000000000000000     0x1e06 /tmp/dwarves-1dcbd1.o

.debug_abbrev   0x0000000000000000      0x1fe
 *(.debug_abbrev)
 .debug_abbrev  0x0000000000000000      0x1fe /tmp/dwarves-1dcbd1.o

.debug_line     0x0000000000000000      0x4f1
 *(.debug_line .debug_line.* .debug_line_end)
 .debug_line    0x0000000000000000      0x4f1 /tmp/dwarves-1dcbd1.o

.debug_frame
 *(.debug_frame)

.debug_str      0x0000000000000000      0xb6f
 *(.debug_str)
 .debug_str     0x0000000000000000      0xb6f /tmp/dwarves-1dcbd1.o
                                        0xd11 (size before relaxing)

.debug_loc
 *(.debug_loc)

.debug_macinfo  0x0000000000000000        0x1
 *(.debug_macinfo)
 .debug_macinfo
                0x0000000000000000        0x1 /tmp/dwarves-1dcbd1.o

.debug_weaknames
 *(.debug_weaknames)

.debug_funcnames
 *(.debug_funcnames)

.debug_typenames
 *(.debug_typenames)

.debug_varnames
 *(.debug_varnames)

.debug_pubtypes
 *(.debug_pubtypes)

.debug_ranges
 *(.debug_ranges)

.debug_macro
 *(.debug_macro)

.debug_addr
 *(.debug_addr)

.gnu.attributes
 *(.gnu.attributes)

/DISCARD/
 *(.note.GNU-stack)
 *(.gnu_debuglink)
 *(.gnu.lto_*)
OUTPUT(dwarves.so elf64-x86-64)
